Working in /tmp/e013OrSize2x3.cfO5P with 1 worker(s)
[92mtransformation done[0m
<<"Processes=", 1, "Nodes=", 17, "Gateway=", 8, "SF=", 21, "MF=", 0>>
---------- Network01Bag ----------
[X] Prop01Type
     states=407 trans=1049 depth=15
[X] Prop02Safe
     states=407 trans=1049 depth=15
[X] Prop03Sound
     states=407 trans=1049 depth=15
[X] Prop04MsgSound
     states=407 trans=1049 depth=15
---------- Network02FifoPair ----------
[X] Prop01Type
     states=407 trans=1049 depth=15
[X] Prop02Safe
     states=407 trans=1049 depth=15
[X] Prop03Sound
     states=407 trans=1049 depth=15
[X] Prop04MsgSound
     states=407 trans=1049 depth=15
---------- Network03Causal ----------
[X] Prop01Type
     states=407 trans=1049 depth=15
[X] Prop02Safe
     states=407 trans=1049 depth=15
[X] Prop03Sound
     states=407 trans=1049 depth=15
[X] Prop04MsgSound
     states=407 trans=1049 depth=15
---------- Network04Inbox ----------
[X] Prop01Type
     states=407 trans=1049 depth=15
[X] Prop02Safe
     states=407 trans=1049 depth=15
[X] Prop03Sound
     states=407 trans=1049 depth=15
[X] Prop04MsgSound
     states=407 trans=1049 depth=15
---------- Network05Outbox ----------
[X] Prop01Type
     states=407 trans=1049 depth=15
[X] Prop02Safe
     states=407 trans=1049 depth=15
[X] Prop03Sound
     states=407 trans=1049 depth=15
[X] Prop04MsgSound
     states=407 trans=1049 depth=15
---------- Network06Fifo ----------
[X] Prop01Type
     states=407 trans=1049 depth=15
[X] Prop02Safe
     states=407 trans=1049 depth=15
[X] Prop03Sound
     states=407 trans=1049 depth=15
[X] Prop04MsgSound
     states=407 trans=1049 depth=15
---------- Network07RSC ----------
[X] Prop01Type
     states=407 trans=1049 depth=15
[X] Prop02Safe
     states=407 trans=1049 depth=15
[X] Prop03Sound
     states=407 trans=1049 depth=15
[X] Prop04MsgSound
     states=407 trans=1049 depth=15
done.
