Working in /tmp/e021MBE.5uu4J with 1 worker(s)
[92mtransformation done[0m
<<"Processes=", 2, "Nodes=", 21, "Gateway=", 4, "SF=", 17, "MF=", 2>>
---------- Network01Bag ----------
[X] Prop01Type
     states=318 trans=735 depth=21
[X] Prop02Safe
     states=318 trans=735 depth=21
[ ] Prop03Sound
     states=318 trans=735 depth=
[X] Prop04MsgSound
     states=318 trans=735 depth=21
---------- Network02FifoPair ----------
[X] Prop01Type
     states=318 trans=735 depth=21
[X] Prop02Safe
     states=318 trans=735 depth=21
[ ] Prop03Sound
     states=318 trans=735 depth=
[X] Prop04MsgSound
     states=318 trans=735 depth=21
---------- Network03Causal ----------
[X] Prop01Type
     states=318 trans=735 depth=21
[X] Prop02Safe
     states=318 trans=735 depth=21
[ ] Prop03Sound
     states=318 trans=735 depth=
[X] Prop04MsgSound
     states=318 trans=735 depth=21
---------- Network04Inbox ----------
[X] Prop01Type
     states=318 trans=735 depth=21
[X] Prop02Safe
     states=318 trans=735 depth=21
[ ] Prop03Sound
     states=318 trans=735 depth=
[X] Prop04MsgSound
     states=318 trans=735 depth=21
---------- Network05Outbox ----------
[X] Prop01Type
     states=318 trans=735 depth=21
[X] Prop02Safe
     states=318 trans=735 depth=21
[ ] Prop03Sound
     states=318 trans=735 depth=
[X] Prop04MsgSound
     states=318 trans=735 depth=21
---------- Network06Fifo ----------
[X] Prop01Type
     states=318 trans=735 depth=21
[X] Prop02Safe
     states=318 trans=735 depth=21
[ ] Prop03Sound
     states=318 trans=735 depth=
[X] Prop04MsgSound
     states=318 trans=735 depth=21
---------- Network07RSC ----------
[X] Prop01Type
     states=318 trans=735 depth=21
[X] Prop02Safe
     states=318 trans=735 depth=21
[ ] Prop03Sound
     states=318 trans=735 depth=
[X] Prop04MsgSound
     states=318 trans=735 depth=21
done.
