Working in /tmp/e030MBE.UZIft with 1 worker(s)
[92mtransformation done[0m
<<"Processes=", 2, "Nodes=", 26, "Gateway=", 4, "SF=", 21, "MF=", 3>>
---------- Network01Bag ----------
[X] Prop01Type
     states=329 trans=727 depth=23
[X] Prop02Safe
     states=329 trans=727 depth=23
[ ] Prop03Sound
     states=329 trans=727 depth=
[X] Prop04MsgSound
     states=329 trans=727 depth=23
---------- Network02FifoPair ----------
[X] Prop01Type
     states=330 trans=727 depth=23
[X] Prop02Safe
     states=330 trans=727 depth=23
[ ] Prop03Sound
     states=330 trans=727 depth=
[X] Prop04MsgSound
     states=330 trans=727 depth=23
---------- Network03Causal ----------
[X] Prop01Type
     states=330 trans=727 depth=23
[X] Prop02Safe
     states=330 trans=727 depth=23
[ ] Prop03Sound
     states=330 trans=727 depth=
[X] Prop04MsgSound
     states=330 trans=727 depth=23
---------- Network04Inbox ----------
[X] Prop01Type
     states=330 trans=727 depth=23
[X] Prop02Safe
     states=330 trans=727 depth=23
[ ] Prop03Sound
     states=330 trans=727 depth=
[X] Prop04MsgSound
     states=330 trans=727 depth=23
---------- Network05Outbox ----------
[X] Prop01Type
     states=330 trans=727 depth=23
[X] Prop02Safe
     states=330 trans=727 depth=23
[ ] Prop03Sound
     states=330 trans=727 depth=
[X] Prop04MsgSound
     states=330 trans=727 depth=23
---------- Network06Fifo ----------
[X] Prop01Type
     states=349 trans=753 depth=23
[X] Prop02Safe
     states=349 trans=753 depth=23
[ ] Prop03Sound
     states=349 trans=753 depth=
[X] Prop04MsgSound
     states=349 trans=753 depth=23
---------- Network07RSC ----------
[X] Prop01Type
     states=301 trans=671 depth=21
[X] Prop02Safe
     states=301 trans=671 depth=21
[ ] Prop03Sound
     states=301 trans=671 depth=
[ ] Prop04MsgSound
     states=301 trans=671 depth=
done.
