Working in /tmp/e056TBE.87F9V with 1 worker(s)
[92mtransformation done[0m
<<"Processes=", 2, "Nodes=", 20, "Gateway=", 4, "SF=", 16, "MF=", 2>>
---------- Network01Bag ----------
[X] Prop01Type
     states=4403 trans=15324 depth=46
[ ] Prop02Safe
     states= trans= depth=5
[ ] Prop03Sound
     states=4403 trans=15324 depth=
[X] Prop04MsgSound
     states=4403 trans=15324 depth=46
---------- Network02FifoPair ----------
[X] Prop01Type
     states=4755 trans=16292 depth=46
[ ] Prop02Safe
     states= trans= depth=5
[ ] Prop03Sound
     states=4755 trans=16292 depth=
[ ] Prop04MsgSound
     states=4755 trans=16292 depth=
---------- Network03Causal ----------
[X] Prop01Type
     states=4827 trans=16355 depth=46
[ ] Prop02Safe
     states= trans= depth=5
[ ] Prop03Sound
     states=4827 trans=16355 depth=
[ ] Prop04MsgSound
     states=4827 trans=16355 depth=
---------- Network04Inbox ----------
[X] Prop01Type
     states=4755 trans=16292 depth=46
[ ] Prop02Safe
     states= trans= depth=5
[ ] Prop03Sound
     states=4755 trans=16292 depth=
[ ] Prop04MsgSound
     states=4755 trans=16292 depth=
---------- Network05Outbox ----------
[X] Prop01Type
     states=4755 trans=16292 depth=46
[ ] Prop02Safe
     states= trans= depth=5
[ ] Prop03Sound
     states=4755 trans=16292 depth=
[ ] Prop04MsgSound
     states=4755 trans=16292 depth=
---------- Network06Fifo ----------
[X] Prop01Type
     states=4755 trans=16292 depth=46
[ ] Prop02Safe
     states= trans= depth=5
[ ] Prop03Sound
     states=4755 trans=16292 depth=
[ ] Prop04MsgSound
     states=4755 trans=16292 depth=
---------- Network07RSC ----------
[X] Prop01Type
     states=2801 trans=9179 depth=46
[ ] Prop02Safe
     states= trans= depth=5
[ ] Prop03Sound
     states=2801 trans=9179 depth=
[X] Prop04MsgSound
     states=2801 trans=9179 depth=46
done.
